<doc:xqdoc xmlns:doc="http://www.xqdoc.org/1.0"><doc:control><!--Generated by xquerydoc: http://github.com/xquery/xquerydoc--><doc:date/><doc:version>N/A</doc:version></doc:control><doc:module type="main"><doc:uri/><doc:comment><doc:description> &#xD;  This main module controls the presentation of the home page for&#xD;  xqDoc.  The home page will list all of the library and main modules&#xD;  contained in the 'xqDoc' collection.&#xD;  The mainline function invokes only the&#xD;  method to generate the HTML for the xqDoc home page.  A parameter of type &#xD;  xs:boolean is passed to indicate whether links on the page should be constructed &#xD;  to static HTML pages (for off-line viewing) or to XQuery scripts for dynamic&#xD;  real-time viewing.&#xD; &#xD;  </doc:description><doc:author> Darin McBeath&#xD;  </doc:author><doc:since> June 9, 2006&#xD;  </doc:since><doc:version> 1.3&#xD;</doc:version></doc:comment></doc:module><doc:variables/><doc:functions/></doc:xqdoc>
